<html>
<body>
<pre>
<h1>µVision Build Log</h1>
<h2>Project:</h2>
C:\Users\visha\OneDrive\Desktop\Embedded System Software\LPC PROGRAM\13_4x4_keypad.uvproj
Project File Date:  08/05/2025

<h2>Output:</h2>
Build target 'Target 1'
linking...
Program Size: Code=1528 RO-data=16 RW-data=0 ZI-data=1256  
FromELF: creating hex file...
".\13_4x4_keypad.axf" - 0 Error(s), 0 Warning(s).
</pre>
</body>
</html>
256  
FromELF: creating hex file...
".\13_4x4_keypad.axf" - 0 Error(s), 1 Warning(s).
452 RO-data=16 RW-data=0 ZI-data=1256  
FromELF: creating hex file...
".\13_4x4_keypad.axf" - 0 Error(s), 2 Warning(s).
 token
      }
13_4x4_keypad.c(180): error:  #7: unrecognized token
      }
13_4x4_keypad.c(180): error:  #65: expected a ";"
      }
13_4x4_keypad.c(181): warning:  #1-D: last line of file ends without a newline
  }
".\13_4x4_keypad.axf" - 6 Error(s), 2 Warning(s).
Target not created
